[{"id":200,"created":"2019-10-19T00:07:06.185+09:00"},{"id":199,"created":"2019-10-18T23:07:06.185+09:00"},{"id":198,"created":"2019-10-18T22:07:06.185+09:00"},{"id":197,"created":"2019-10-18T21:07:06.185+09:00"},{"id":196,"created":"2019-10-18T20:07:06.185+09:00"}]