{"has_next_page":true,"has_previous_page":false,"start_cursor":200,"end_cursor":196}