[{"id":195,"created":"2019-10-18T19:07:06.185+09:00"},{"id":194,"created":"2019-10-18T18:07:06.185+09:00"},{"id":193,"created":"2019-10-18T17:07:06.185+09:00"},{"id":192,"created":"2019-10-18T16:07:06.185+09:00"},{"id":191,"created":"2019-10-18T15:07:06.185+09:00"}]