[{"id":20,"created":"2019-10-11T12:07:06.185+09:00"},{"id":19,"created":"2019-10-11T11:07:06.185+09:00"},{"id":18,"created":"2019-10-11T10:07:06.185+09:00"},{"id":17,"created":"2019-10-11T09:07:06.185+09:00"},{"id":16,"created":"2019-10-11T08:07:06.185+09:00"},{"id":15,"created":"2019-10-11T07:07:06.185+09:00"},{"id":14,"created":"2019-10-11T06:07:06.185+09:00"},{"id":13,"created":"2019-10-11T05:07:06.185+09:00"},{"id":12,"created":"2019-10-11T04:07:06.185+09:00"},{"id":11,"created":"2019-10-11T03:07:06.185+09:00"}]