[{"id":10,"created":"2019-10-11T02:07:06.185+09:00"},{"id":9,"created":"2019-10-11T01:07:06.185+09:00"},{"id":8,"created":"2019-10-11T00:07:06.185+09:00"},{"id":7,"created":"2019-10-10T23:07:06.185+09:00"},{"id":6,"created":"2019-10-10T22:07:06.185+09:00"},{"id":5,"created":"2019-10-10T21:07:06.185+09:00"},{"id":4,"created":"2019-10-10T20:07:06.185+09:00"},{"id":3,"created":"2019-10-10T19:07:06.185+09:00"},{"id":2,"created":"2019-10-10T18:07:06.185+09:00"},{"id":1,"created":"2019-10-10T17:07:06.185+09:00"}]